// Jest Snapshot v1, https://goo.gl/fbAQLP

exports[`<IndexPage /> should render 1`] = `
<div>
  <Showcase
    data={
      Object {
        "lead": Object {
          "callToAction": Object {
            "path": "/themes",
            "text": "View Themes",
          },
          "partOne": "Easy to setup. Easy to customize. Easy to deploy.",
          "title": "Themes for GatsbyJS",
        },
      }
    }
    images={
      Object {
        "dimensionImage": "image",
        "hero": Object {
          "lead": Object {
            "callToAction": "Action",
            "partOne": "First content",
            "partTwo": "Content area.",
            "title": "Content gallery",
          },
        },
        "identityImage": "image",
        "lensImage": "image",
        "massivelyImage": "image",
        "photonImage": "image",
        "tessellateImage": "image",
      }
    }
  />
  <div
    className="home-container"
  >
    <div
      className="home--section"
    >
      <h1>
        How it works
      </h1>
    </div>
    <div
      className="home--highlight"
    >
      <Highlight
        data={
          Object {
            "content": "Browse our theme library with over 15 themes to choose from.                     Use Jay, our CLI tool, to download                     and mount your favorite theme...for free!",
            "headline": "Select a Theme",
          }
        }
        key="0"
      />
      <Highlight
        data={
          Object {
            "content": "Update the template with relevant information. Tweak the UI of                     the theme. Not satisfied? Use Jay to download another theme                     and start over.",
            "headline": "Customize the template",
          }
        }
        key="1"
      />
      <Highlight
        data={
          Object {
            "content": "All our themes are deployment ready. Use your favorite web hosting                     service to build and serve the website.                     Netfliy is our favorite.",
            "headline": "Deploy the website",
          }
        }
        key="2"
      />
    </div>
  </div>
</div>
`;
