// Jest Snapshot v1, https://goo.gl/fbAQLP

exports[`<Highlight /> should render correctly 1`] = `
<Highlight
  data={
    Object {
      "content": "Yay, we have content!",
      "headline": "Test Headline",
    }
  }
>
  <div
    className="highlight--item"
  >
    <h4
      className="highlight--item--title"
    >
      Test Headline
    </h4>
    <p
      className="highlight--item--body"
    >
      Yay, we have content!
    </p>
  </div>
</Highlight>
`;
