// Jest Snapshot v1, https://goo.gl/fbAQLP

exports[`<Showcase /> should render 1`] = `
<div
  className="showcase"
>
  <div
    className="showcase--images"
  >
    <div
      className="showcase--gradient"
    >
      <Image
        alt="title theme"
        className="showcase--img"
        fadeIn={true}
        title="Theme image"
      />
    </div>
  </div>
  <div
    className="showcase--cta"
  >
    <span
      className="showcase--title"
    >
      Theme Gallery
    </span>
    <p
      className="showcase--lead"
    >
      <span>
        Developers deserve beautiful designs.
      </span>
    </p>
    <p
      className="showcase--lead"
    >
      <GatsbyLink
        className="showcase--lead--action -primary"
        to="/hello"
      >
        hello world
      </GatsbyLink>
    </p>
  </div>
</div>
`;
